#-----------------------------------------------------------
# Vivado v2020.1.1 (64-bit)
# SW Build 2960000 on Wed Aug  5 22:57:20 MDT 2020
# IP Build 2956692 on Thu Aug  6 01:41:30 MDT 2020
# Start of session at: Sun Dec  6 13:17:32 2020
# Process ID: 19336
# Current directory: C:/Users/lukem/OneDrive - Brunel University London/Year 4/EE5660 - Advanced Embedded Systems Design/Assignment/Task/FPGA Implementation/FPGA_Pong v2
# Command line: vivado.exe -gui_launcher_event rodinguilauncherevent10780 C:\Users\lukem\OneDrive - Brunel University London\Year 4\EE5660 - Advanced Embedded Systems Design\Assignment\Task\FPGA Implementation\FPGA_Pong v2\FPGA_Pong.xpr
# Log file: C:/Users/lukem/OneDrive - Brunel University London/Year 4/EE5660 - Advanced Embedded Systems Design/Assignment/Task/FPGA Implementation/FPGA_Pong v2/vivado.log
# Journal file: C:/Users/lukem/OneDrive - Brunel University London/Year 4/EE5660 - Advanced Embedded Systems Design/Assignment/Task/FPGA Implementation/FPGA_Pong v2\vivado.jou
#-----------------------------------------------------------
start_gui
open_project {C:/Users/lukem/OneDrive - Brunel University London/Year 4/EE5660 - Advanced Embedded Systems Design/Assignment/Task/FPGA Implementation/FPGA_Pong v2/FPGA_Pong.xpr}
update_compile_order -fileset sources_1
reset_run synth_1
launch_runs synth_1 -jobs 6
wait_on_run synth_1
launch_simulation
launch_simulation
launch_simulation
launch_simulation
source Assignment1.tcl
reset_run synth_1
launch_runs synth_1 -jobs 6
wait_on_run synth_1
reset_run synth_1
launch_runs synth_1 -jobs 6
wait_on_run synth_1
run all
run 3 s
add_force {/Assignment1/new_clk} -radix hex {1 0ns} {0 50000000ps} -repeat_every 100000000ps
run 3 s
add_force {/Assignment1/prescaled_clk} -radix hex {1 0ns} {0 50000000ps} -repeat_every 100000000ps
relaunch_sim
run all
run 10 s
relaunch_sim
add_force {/Assignment1/prescaled_clk} -radix hex {1 0ns} {0 50000000ps} -repeat_every 100000000ps
close_sim
